// Jest Snapshot v1, https://goo.gl/fbAQLP

exports[`Каталог На странице с подробным описанием не меняется верстка 1`] = `
{
  "asFragment": [Function],
  "baseElement": <body>
    <div>
      <div
        class="ProductDetails row"
      >
        <div
          class="col-12 col-sm-5 col-lg-4"
        >
          <img
            class="Image"
            src="data:image/png;base64,iVBORw0KGgoAAAANSUhEUgAAAAEAAAABCAQAAAC1HAwCAAAAC0lEQVR42mNkMAYAADkANVKH3ScAAAAASUVORK5CYII="
          />
        </div>
        <div
          class="col-12 col-sm-7 col-lg-6"
        >
          <h1
            class="ProductDetails-Name"
          >
            test-name-1
          </h1>
          <p
            class="ProductDetails-Description"
          >
            Pretty
          </p>
          <p
            class="ProductDetails-Price fs-3"
          >
            $
            1000
          </p>
          <p>
            <button
              class="ProductDetails-AddToCart btn btn-primary btn-lg"
            >
              Add to Cart
            </button>
          </p>
          <dl>
            <dt>
              Color
            </dt>
            <dd
              class="ProductDetails-Color text-capitalize"
            >
              Blue
            </dd>
            <dt>
              Material
            </dt>
            <dd
              class="ProductDetails-Material text-capitalize"
            >
              Fresh
            </dd>
          </dl>
        </div>
      </div>
    </div>
  </body>,
  "container": <div>
    <div
      class="ProductDetails row"
    >
      <div
        class="col-12 col-sm-5 col-lg-4"
      >
        <img
          class="Image"
          src="data:image/png;base64,iVBORw0KGgoAAAANSUhEUgAAAAEAAAABCAQAAAC1HAwCAAAAC0lEQVR42mNkMAYAADkANVKH3ScAAAAASUVORK5CYII="
        />
      </div>
      <div
        class="col-12 col-sm-7 col-lg-6"
      >
        <h1
          class="ProductDetails-Name"
        >
          test-name-1
        </h1>
        <p
          class="ProductDetails-Description"
        >
          Pretty
        </p>
        <p
          class="ProductDetails-Price fs-3"
        >
          $
          1000
        </p>
        <p>
          <button
            class="ProductDetails-AddToCart btn btn-primary btn-lg"
          >
            Add to Cart
          </button>
        </p>
        <dl>
          <dt>
            Color
          </dt>
          <dd
            class="ProductDetails-Color text-capitalize"
          >
            Blue
          </dd>
          <dt>
            Material
          </dt>
          <dd
            class="ProductDetails-Material text-capitalize"
          >
            Fresh
          </dd>
        </dl>
      </div>
    </div>
  </div>,
  "debug": [Function],
  "findAllByAltText": [Function],
  "findAllByDisplayValue": [Function],
  "findAllByLabelText": [Function],
  "findAllByPlaceholderText": [Function],
  "findAllByRole": [Function],
  "findAllByTestId": [Function],
  "findAllByText": [Function],
  "findAllByTitle": [Function],
  "findByAltText": [Function],
  "findByDisplayValue": [Function],
  "findByLabelText": [Function],
  "findByPlaceholderText": [Function],
  "findByRole": [Function],
  "findByTestId": [Function],
  "findByText": [Function],
  "findByTitle": [Function],
  "getAllByAltText": [Function],
  "getAllByDisplayValue": [Function],
  "getAllByLabelText": [Function],
  "getAllByPlaceholderText": [Function],
  "getAllByRole": [Function],
  "getAllByTestId": [Function],
  "getAllByText": [Function],
  "getAllByTitle": [Function],
  "getByAltText": [Function],
  "getByDisplayValue": [Function],
  "getByLabelText": [Function],
  "getByPlaceholderText": [Function],
  "getByRole": [Function],
  "getByTestId": [Function],
  "getByText": [Function],
  "getByTitle": [Function],
  "queryAllByAltText": [Function],
  "queryAllByDisplayValue": [Function],
  "queryAllByLabelText": [Function],
  "queryAllByPlaceholderText": [Function],
  "queryAllByRole": [Function],
  "queryAllByTestId": [Function],
  "queryAllByText": [Function],
  "queryAllByTitle": [Function],
  "queryByAltText": [Function],
  "queryByDisplayValue": [Function],
  "queryByLabelText": [Function],
  "queryByPlaceholderText": [Function],
  "queryByRole": [Function],
  "queryByTestId": [Function],
  "queryByText": [Function],
  "queryByTitle": [Function],
  "rerender": [Function],
  "store": {
    "@@observable": [Function],
    "dispatch": [Function],
    "getState": [Function],
    "replaceReducer": [Function],
    "subscribe": [Function],
  },
  "unmount": [Function],
}
`;
